[    0.000000] Linux version 4.15.0-213-generic (buildd@lcy02-amd64-079) (gcc version 7.5.0 (Ubuntu 7.5.0-3ubuntu1~18.04)) #224-Ubuntu SMP Mon Jun 19 13:30:12 UTC 2023 (Ubuntu 4.15.0-213.224-generic 4.15.18)
[    0.000000] Command line: BOOT_IMAGE=/boot/vmlinuz-4.15.0-213-generic root=UUID=f685bb41-0e3b-40c4-89c1-eea0f0583525 ro console=tty1 console=ttyS0
[    0.000000] KERNEL supported cpus:
[    0.000000]   Intel GenuineIntel
[    0.000000]   AMD AuthenticAMD
[    0.000000]   Centaur CentaurHauls
[    0.000000] x86/fpu: x87 FPU will use FXSAVE
[    0.000000] e820: BIOS-provided physical RAM map:
[    0.000000] BIOS-e820: [mem 0x0000000000000000-0x000000000009fbff] usable
[    0.000000] BIOS-e820: [mem 0x000000000009fc00-0x000000000009ffff] reserved
[    0.000000] BIOS-e820: [mem 0x00000000000f0000-0x00000000000fffff] reserved
[    0.000000] BIOS-e820: [mem 0x0000000000100000-0x00000000dffeffff] usable
[    0.000000] BIOS-e820: [mem 0x00000000dfff0000-0x00000000dfffffff] ACPI data
[    0.000000] BIOS-e820: [mem 0x00000000fec00000-0x00000000fec00fff] reserved
[    0.000000] BIOS-e820: [mem 0x00000000fee00000-0x00000000fee00fff] reserved
[    0.000000] BIOS-e820: [mem 0x00000000fffc0000-0x00000000ffffffff] reserved
[    0.000000] BIOS-e820: [mem 0x0000000100000000-0x000000011fffffff] usable
[    0.000000] NX (Execute Disable) protection: active
[    0.000000] SMBIOS 2.5 present.
[    0.000000] DMI: innotek GmbH VirtualBox/VirtualBox, BIOS VirtualBox 12/01/2006
[    0.000000] Hypervisor detected: KVM
[    0.000000] e820: last_pfn = 0x120000 max_arch_pfn = 0x400000000
[    0.000000] MTRR: Disabled
[    0.000000] x86/PAT: MTRRs disabled, skipping PAT initialization too.
[    0.000000] CPU MTRRs all blank - virtualized system.
[    0.000000] x86/PAT: Configuration [0-7]: WB  WT  UC- UC  WB  WT  UC- UC  
[    0.000000] e820: last_pfn = 0xdfff0 max_arch_pfn = 0x400000000
[    0.000000] found SMP MP-table at [mem 0x0009fff0-0x0009ffff]
[    0.000000] Scanning 1 areas for low memory corruption
[    0.000000] RAMDISK: [mem 0x35819000-0x36c03fff]
[    0.000000] ACPI: Early table checksum verification disabled
[    0.000000] ACPI: RSDP 0x00000000000E0000 000024 (v02 VBOX  )
[    0.000000] ACPI: XSDT 0x00000000DFFF0030 00003C (v01 VBOX   VBOXXSDT 00000001 ASL  00000061)
[    0.000000] ACPI: FACP 0x00000000DFFF00F0 0000F4 (v04 VBOX   VBOXFACP 00000001 ASL  00000061)
[    0.000000] ACPI: DSDT 0x00000000DFFF0610 002353 (v02 VBOX   VBOXBIOS 00000002 INTL 20100528)
[    0.000000] ACPI: FACS 0x00000000DFFF0200 000040
[    0.000000] ACPI: FACS 0x00000000DFFF0200 000040
[    0.000000] ACPI: APIC 0x00000000DFFF0240 00005C (v02 VBOX   VBOXAPIC 00000001 ASL  00000061)
[    0.000000] ACPI: SSDT 0x00000000DFFF02A0 00036C (v01 VBOX   VBOXCPUT 00000002 INTL 20100528)
[    0.000000] ACPI: Reserving FACP table memory at [mem 0xdfff00f0-0xdfff01e3]
[    0.000000] ACPI: Reserving DSDT table memory at [mem 0xdfff0610-0xdfff2962]
[    0.000000] ACPI: Reserving FACS table memory at [mem 0xdfff0200-0xdfff023f]
[    0.000000] ACPI: Reserving FACS table memory at [mem 0xdfff0200-0xdfff023f]
[    0.000000] ACPI: Reserving APIC table memory at [mem 0xdfff0240-0xdfff029b]
[    0.000000] ACPI: Reserving SSDT table memory at [mem 0xdfff02a0-0xdfff060b]
[    0.000000] No NUMA configuration found
[    0.000000] Faking a node at [mem 0x0000000000000000-0x000000011fffffff]
[    0.000000] NODE_DATA(0) allocated [mem 0x11ffd5000-0x11fffffff]
[    0.000000] kvm-clock: cpu 0, msr 1:1ff54001, primary cpu clock
[    0.000000] kvm-clock: Using msrs 4b564d01 and 4b564d00
[    0.000000] kvm-clock: using sched offset of 4184127506 cycles
[    0.000000] clocksource: kvm-clock: mask: 0xffffffffffffffff max_cycles: 0x1cd42e4dffb, max_idle_ns: 881590591483 ns
[    0.000000] Zone ranges:
[    0.000000]   DMA      [mem 0x0000000000001000-0x0000000000ffffff]
[    0.000000]   DMA32    [mem 0x0000000001000000-0x00000000ffffffff]
[    0.000000]   Normal   [mem 0x0000000100000000-0x000000011fffffff]
[    0.000000]   Device   empty
[    0.000000] Movable zone start for each node
[    0.000000] Early memory node ranges
[    0.000000]   node   0: [mem 0x0000000000001000-0x000000000009efff]
[    0.000000]   node   0: [mem 0x0000000000100000-0x00000000dffeffff]
[    0.000000]   node   0: [mem 0x0000000100000000-0x000000011fffffff]
[    0.000000] Reserved but unavailable: 104 pages
[    0.000000] Initmem setup node 0 [mem 0x0000000000001000-0x000000011fffffff]
[    0.000000] ACPI: PM-Timer IO Port: 0x4008
[    0.000000] IOAPIC[0]: apic_id 2, version 32, address 0xfec00000, GSI 0-23
[    0.000000] ACPI: INT_SRC_OVR (bus 0 bus_irq 0 global_irq 2 dfl dfl)
[    0.000000] ACPI: INT_SRC_OVR (bus 0 bus_irq 9 global_irq 9 low level)
[    0.000000] Using ACPI (MADT) for SMP configuration information
[    0.000000] smpboot: Allowing 2 CPUs, 0 hotplug CPUs
[    0.000000] PM: Registered nosave memory: [mem 0x00000000-0x00000fff]
[    0.000000] PM: Registered nosave memory: [mem 0x0009f000-0x0009ffff]
[    0.000000] PM: Registered nosave memory: [mem 0x000a0000-0x000effff]
[    0.000000] PM: Registered nosave memory: [mem 0x000f0000-0x000fffff]
[    0.000000] PM: Registered nosave memory: [mem 0xdfff0000-0xdfffffff]
[    0.000000] PM: Registered nosave memory: [mem 0xe0000000-0xfebfffff]
[    0.000000] PM: Registered nosave memory: [mem 0xfec00000-0xfec00fff]
[    0.000000] PM: Registered nosave memory: [mem 0xfec01000-0xfedfffff]
[    0.000000] PM: Registered nosave memory: [mem 0xfee00000-0xfee00fff]
[    0.000000] PM: Registered nosave memory: [mem 0xfee01000-0xfffbffff]
[    0.000000] PM: Registered nosave memory: [mem 0xfffc0000-0xffffffff]
[    0.000000] e820: [mem 0xe0000000-0xfebfffff] available for PCI devices
[    0.000000] Booting paravirtualized kernel on KVM
[    0.000000] clocksource: refined-jiffies: mask: 0xffffffff max_cycles: 0xffffffff, max_idle_ns: 7645519600211568 ns
[    0.000000] setup_percpu: NR_CPUS:8192 nr_cpumask_bits:2 nr_cpu_ids:2 nr_node_ids:1
[    0.000000] percpu: Embedded 50 pages/cpu s167936 r8192 d28672 u1048576
[    0.000000] PV qspinlock hash table entries: 256 (order: 0, 4096 bytes)
[    0.000000] Built 1 zonelists, mobility grouping on.  Total pages: 1032057
[    0.000000] Policy zone: Normal
[    0.000000] Kernel command line: BOOT_IMAGE=/boot/vmlinuz-4.15.0-213-generic root=UUID=f685bb41-0e3b-40c4-89c1-eea0f0583525 ro console=tty1 console=ttyS0
[    0.000000] Memory: 4012400K/4193848K available (12300K kernel code, 2477K rwdata, 4324K rodata, 2480K init, 2720K bss, 181448K reserved, 0K cma-reserved)
[    0.000000] SLUB: HWalign=64, Order=0-3, MinObjects=0, CPUs=2, Nodes=1
[    0.000000] Kernel/User page tables isolation: enabled
[    0.000000] ftrace: allocating 39508 entries in 155 pages
[    0.004000] Hierarchical RCU implementation.
[    0.004000] 	RCU restricting CPUs from NR_CPUS=8192 to nr_cpu_ids=2.
[    0.004000] 	Tasks RCU enabled.
[    0.004000] RCU: Adjusting geometry for rcu_fanout_leaf=16, nr_cpu_ids=2
[    0.004000] NR_IRQS: 524544, nr_irqs: 440, preallocated irqs: 16
[    0.004000] random: crng init done
[    0.004000] Console: colour VGA+ 80x25
[    0.004000] console [tty1] enabled
[    0.004000] console [ttyS0] enabled
[    0.004000] ACPI: Core revision 20170831
[    0.004000] ACPI: 2 ACPI AML tables successfully acquired and loaded
[    0.004000] APIC: Switch to symmetric I/O mode setup
[    0.004000] ..TIMER: vector=0x30 apic1=0 pin1=2 apic2=-1 pin2=-1
[    0.004000] tsc: Detected 2807.998 MHz processor
[    0.004000] Calibrating delay loop (skipped) preset value.. 5615.99 BogoMIPS (lpj=11231992)
[    0.004005] pid_max: default: 32768 minimum: 301
[    0.008073] Security Framework initialized
[    0.012003] Yama: becoming mindful.
[    0.016088] AppArmor: AppArmor initialized
[    0.044986] Dentry cache hash table entries: 524288 (order: 10, 4194304 bytes)
[    0.061755] Inode-cache hash table entries: 262144 (order: 9, 2097152 bytes)
[    0.064255] Mount-cache hash table entries: 8192 (order: 4, 65536 bytes)
[    0.068244] Mountpoint-cache hash table entries: 8192 (order: 4, 65536 bytes)
[    0.077067] Last level iTLB entries: 4KB 64, 2MB 8, 4MB 8
[    0.080003] Last level dTLB entries: 4KB 64, 2MB 0, 4MB 0, 1GB 4
[    0.084004] Spectre V1 : Mitigation: usercopy/swapgs barriers and __user pointer sanitization
[    0.088004] Spectre V2 : Mitigation: Retpolines
[    0.092002] Spectre V2 : Spectre v2 / SpectreRSB mitigation: Filling RSB on context switch
[    0.096004] Spectre V2 : Spectre v2 / SpectreRSB : Filling RSB on VMEXIT
[    0.100003] RETBleed: WARNING: Spectre v2 mitigation leaves CPU vulnerable to RETBleed attacks, data leaks possible!
[    0.104003] RETBleed: Vulnerable
[    0.108003] Speculative Store Bypass: Vulnerable
[    0.112091] MDS: Mitigation: Clear CPU buffers
[    0.116002] MMIO Stale Data: Mitigation: Clear CPU buffers
[    0.120003] SRBDS: Unknown: Dependent on hypervisor status
[    0.124186] Freeing SMP alternatives memory: 36K
[    0.241069] smpboot: CPU0: Intel(R) Core(TM) i7-7700HQ CPU @ 2.80GHz (family: 0x6, model: 0x9e, stepping: 0x9)
[    0.248068] Performance Events: unsupported p6 CPU model 158 no PMU driver, software events only.
[    0.252096] Hierarchical SRCU implementation.
[    0.256882] NMI watchdog: Perf event create on CPU 0 failed with -2
[    0.260003] NMI watchdog: Perf NMI watchdog permanently disabled
[    0.264340] smp: Bringing up secondary CPUs ...
[    0.269018] x86: Booting SMP configuration:
[    0.272086] .... node  #0, CPUs:      #1
[    0.004000] kvm-clock: cpu 1, msr 1:1ff54041, secondary cpu clock
[    0.286044] TSC synchronization [CPU#0 -> CPU#1]:
[    0.288000] Measured 113436 cycles TSC warp between CPUs, turning off TSC clock.
[    0.288000] tsc: Marking TSC unstable due to check_tsc_sync_source failed
[    0.296333] smp: Brought up 1 node, 2 CPUs
[    0.300006] smpboot: Max logical packages: 1
[    0.304004] smpboot: Total of 2 processors activated (11231.99 BogoMIPS)
[    0.312092] devtmpfs: initialized
[    0.316115] x86/mm: Memory block size: 128MB
[    0.321045] evm: security.selinux
[    0.324003] evm: security.SMACK64
[    0.328003] evm: security.SMACK64EXEC
[    0.332002] evm: security.SMACK64TRANSMUTE
[    0.336002] evm: security.SMACK64MMAP
[    0.340003] evm: security.apparmor
[    0.344002] evm: security.ima
[    0.348002] evm: security.capability
[    0.352495] clocksource: jiffies: mask: 0xffffffff max_cycles: 0xffffffff, max_idle_ns: 7645041785100000 ns
[    0.356010] futex hash table entries: 512 (order: 3, 32768 bytes)
[    0.360254] pinctrl core: initialized pinctrl subsystem
[    0.364582] RTC time:  1:06:30, date: 04/21/24
[    0.369597] NET: Registered protocol family 16
[    0.372123] audit: initializing netlink subsys (disabled)
[    0.376291] audit: type=2000 audit(1713661595.259:1): state=initialized audit_enabled=0 res=1
[    0.388006] cpuidle: using governor ladder
[    0.392008] cpuidle: using governor menu
[    0.396078] ACPI: bus type PCI registered
[    0.400003] acpiphp: ACPI Hot Plug PCI Controller Driver version: 0.5
[    0.404623] PCI: Using configuration type 1 for base access
[    0.412517] HugeTLB registered 2.00 MiB page size, pre-allocated 0 pages
[    0.420491] ACPI: Added _OSI(Module Device)
[    0.424015] ACPI: Added _OSI(Processor Device)
[    0.428004] ACPI: Added _OSI(3.0 _SCP Extensions)
[    0.432004] ACPI: Added _OSI(Processor Aggregator Device)
[    0.436005] ACPI: Added _OSI(Linux-Dell-Video)
[    0.440005] ACPI: Added _OSI(Linux-Lenovo-NV-HDMI-Audio)
[    0.444006] ACPI: Added _OSI(Linux-HPI-Hybrid-Graphics)
[    0.449034] ACPI: Executed 1 blocks of module-level executable AML code
[    0.460969] ACPI: Interpreter enabled
[    0.464013] ACPI: (supports S0 S5)
[    0.468003] ACPI: Using IOAPIC for interrupt routing
[    0.472643] PCI: Using host bridge windows from ACPI; if necessary, use "pci=nocrs" and report a bug
[    0.476328] ACPI: Enabled 2 GPEs in block 00 to 07
[    0.493826] ACPI: PCI Root Bridge [PCI0] (domain 0000 [bus 00-ff])
[    0.496008] acpi PNP0A03:00: _OSC: OS supports [ASPM ClockPM Segments MSI]
[    0.500870] acpi PNP0A03:00: _OSC: not requesting OS control; OS requires [ExtendedConfig ASPM ClockPM MSI]
[    0.504014] acpi PNP0A03:00: fail to add MMCONFIG information, can't access extended PCI configuration space under this bridge.
[    0.508894] PCI host bridge to bus 0000:00
[    0.512013] pci_bus 0000:00: root bus resource [io  0x0000-0x0cf7 window]
[    0.516015] pci_bus 0000:00: root bus resource [io  0x0d00-0xffff window]
[    0.520009] pci_bus 0000:00: root bus resource [mem 0x000a0000-0x000bffff window]
[    0.524013] pci_bus 0000:00: root bus resource [mem 0xe0000000-0xfdffffff window]
[    0.528013] pci_bus 0000:00: root bus resource [bus 00-ff]
[    0.542064] pci 0000:00:01.1: legacy IDE quirk: reg 0x10: [io  0x01f0-0x01f7]
[    0.544008] pci 0000:00:01.1: legacy IDE quirk: reg 0x14: [io  0x03f6]
[    0.548008] pci 0000:00:01.1: legacy IDE quirk: reg 0x18: [io  0x0170-0x0177]
[    0.552005] pci 0000:00:01.1: legacy IDE quirk: reg 0x1c: [io  0x0376]
[    0.585724] pci 0000:00:07.0: quirk: [io  0x4000-0x403f] claimed by PIIX4 ACPI
[    0.592057] pci 0000:00:07.0: quirk: [io  0x4100-0x410f] claimed by PIIX4 SMB
[    0.612162] ACPI: PCI Interrupt Link [LNKA] (IRQs 5 9 10 *11)
[    0.620606] ACPI: PCI Interrupt Link [LNKB] (IRQs 5 9 *10 11)
[    0.624242] ACPI: PCI Interrupt Link [LNKC] (IRQs 5 *9 10 11)
[    0.628230] ACPI: PCI Interrupt Link [LNKD] (IRQs 5 9 10 *11)
[    0.632853] SCSI subsystem initialized
[    0.636219] pci 0000:00:02.0: vgaarb: setting as boot VGA device
[    0.640000] pci 0000:00:02.0: vgaarb: VGA device added: decodes=io+mem,owns=io+mem,locks=none
[    0.640007] pci 0000:00:02.0: vgaarb: bridge control possible
[    0.644003] vgaarb: loaded
[    0.648111] ACPI: bus type USB registered
[    0.652036] usbcore: registered new interface driver usbfs
[    0.656012] usbcore: registered new interface driver hub
[    0.660029] usbcore: registered new device driver usb
[    0.664289] EDAC MC: Ver: 3.0.0
[    0.672494] PCI: Using ACPI for IRQ routing
[    0.677103] NetLabel: Initializing
[    0.680006] NetLabel:  domain hash size = 128
[    0.684005] NetLabel:  protocols = UNLABELED CIPSOv4 CALIPSO
[    0.692208] NetLabel:  unlabeled traffic allowed by default
[    0.696317] clocksource: Switched to clocksource kvm-clock
[    0.708294] VFS: Disk quotas dquot_6.6.0
[    0.708294] VFS: Dquot-cache hash table entries: 512 (order 0, 4096 bytes)
[    0.708294] AppArmor: AppArmor Filesystem Enabled
[    0.708294] pnp: PnP ACPI init
[    0.708294] pnp: PnP ACPI: found 3 devices
[    0.829284] clocksource: acpi_pm: mask: 0xffffff max_cycles: 0xffffff, max_idle_ns: 2085701024 ns
[    0.832260] NET: Registered protocol family 2
[    0.832260] IP idents hash table entries: 65536 (order: 7, 524288 bytes)
[    0.856169] TCP established hash table entries: 32768 (order: 6, 262144 bytes)
[    0.866122] TCP bind hash table entries: 32768 (order: 7, 524288 bytes)
[    0.875832] TCP: Hash tables configured (established 32768 bind 32768)
[    0.877777] UDP hash table entries: 2048 (order: 4, 65536 bytes)
[    0.877777] UDP-Lite hash table entries: 2048 (order: 4, 65536 bytes)
[    0.877777] NET: Registered protocol family 1
[    0.877777] pci 0000:00:00.0: Limiting direct PCI/PCI transfers
[    0.877777] pci 0000:00:01.0: Activating ISA DMA hang workarounds
[    0.877777] pci 0000:00:02.0: Video device with shadowed ROM at [mem 0x000c0000-0x000dffff]
[    0.877777] Unpacking initramfs...
[    1.503389] Freeing initrd memory: 20396K
[    1.509140] PCI-DMA: Using software bounce buffering for IO (SWIOTLB)
[    1.517357] software IO TLB: mapped [mem 0xdbff0000-0xdfff0000] (64MB)
[    1.525271] clocksource: tsc: mask: 0xffffffffffffffff max_cycles: 0x2879c456dd4, max_idle_ns: 440795285767 ns
[    1.536185] platform rtc_cmos: registered platform RTC device (no PNP device found)
[    1.545387] Scanning for low memory corruption every 60 seconds
[    1.554457] Initialise system trusted keyrings
[    1.560643] Key type blacklist registered
[    1.565985] workingset: timestamp_bits=36 max_order=20 bucket_order=0
[    1.575630] zbud: loaded
[    1.582197] squashfs: version 4.0 (2009/01/31) Phillip Lougher
[    1.590735] fuse init (API version 7.26)
[    1.621515] Key type asymmetric registered
[    1.627770] Asymmetric key parser 'x509' registered
[    1.634043] Block layer SCSI generic (bsg) driver version 0.4 loaded (major 246)
[    1.643690] io scheduler noop registered
[    1.649512] io scheduler deadline registered
[    1.654596] io scheduler cfq registered (default)
[    1.661074] ACPI: AC Adapter [AC] (on-line)
[    1.666024] input: Power Button as /devices/LNXSYSTM:00/LNXPWRBN:00/input/input0
[    1.674619] ACPI: Power Button [PWRF]
[    1.679648] input: Sleep Button as /devices/LNXSYSTM:00/LNXSLPBN:00/input/input1
[    1.688642] ACPI: Sleep Button [SLPF]
[    1.694616] Serial: 8250/16550 driver, 32 ports, IRQ sharing enabled
[    1.696269] ACPI: Battery Slot [BAT0] (battery present)
[    1.734612] 00:02: ttyS0 at I/O 0x3f8 (irq = 4, base_baud = 115200) is a 16550A
[    1.737571] Linux agpgart interface v0.103
[    1.761061] loop: module loaded
[    1.769975] scsi host0: ata_piix
[    1.777218] scsi host1: ata_piix
[    1.782665] ata1: PATA max UDMA/33 cmd 0x1f0 ctl 0x3f6 bmdma 0xd000 irq 14
[    1.786504] ata2: PATA max UDMA/33 cmd 0x170 ctl 0x376 bmdma 0xd008 irq 15
[    1.799581] tun: Universal TUN/TAP device driver, 1.6
[    1.806586] PPP generic driver version 2.4.2
[    1.810428] ehci_hcd: USB 2.0 'Enhanced' Host Controller (EHCI) Driver
[    1.810428] ehci-pci: EHCI PCI platform driver
[    1.810428] ehci-platform: EHCI generic platform driver
[    1.810428] ohci_hcd: USB 1.1 'Open' Host Controller (OHCI) Driver
[    1.810428] ohci-pci: OHCI PCI platform driver
[    1.810428] ohci-platform: OHCI generic platform driver
[    1.810428] uhci_hcd: USB Universal Host Controller Interface driver
[    1.810428] i8042: PNP: PS/2 Controller [PNP0303:PS2K,PNP0f03:PS2M] at 0x60,0x64 irq 1,12
[    1.810428] serio: i8042 KBD port at 0x60,0x64 irq 1
[    1.810428] serio: i8042 AUX port at 0x60,0x64 irq 12
[    1.810428] mousedev: PS/2 mouse device common for all mice
[    1.890914] rtc_cmos rtc_cmos: rtc core: registered rtc_cmos as rtc0
[    1.899885] input: AT Translated Set 2 keyboard as /devices/platform/i8042/serio0/input/input2
[    1.904658] rtc_cmos rtc_cmos: alarms up to one day, 114 bytes nvram
[    1.918064] i2c /dev entries driver
[    1.922412] device-mapper: uevent: version 1.0.3
[    1.928443] device-mapper: ioctl: 4.37.0-ioctl (2017-09-20) initialised: dm-devel@redhat.com
[    1.939617] ledtrig-cpu: registered to indicate activity on CPUs
[    1.952928] NET: Registered protocol family 10
[    2.038748] Segment Routing with IPv6
[    2.044657] NET: Registered protocol family 17
[    2.052581] Key type dns_resolver registered
[    2.061115] mce: Using 0 MCE banks
[    2.066068] RAS: Correctable Errors collector initialized.
[    2.072114] sched_clock: Marking stable (2072022433, 0)->(3711437934, -1639415501)
[    2.084416] registered taskstats version 1
[    2.089167] Loading compiled-in X.509 certificates
[    2.101034] Loaded X.509 cert 'Build time autogenerated kernel key: cdc7189136aaa35407544516090e2034d9c28e14'
[    2.113211] Loaded X.509 cert 'Canonical Ltd. Live Patch Signing: 14df34d1a87cf37625abec039ef2bf521249b969'
[    2.124890] Loaded X.509 cert 'Canonical Ltd. Kernel Module Signing: 88f752e560a1e0737e31163a466ad7b70a850c19'
[    2.136439] blacklist: Loading compiled-in revocation X.509 certificates
[    2.144882] Loaded X.509 cert 'Canonical Ltd. Secure Boot Signing: 61482aa2830d0ab2ad5af10b7250da9033ddcef0'
[    2.156596] Loaded X.509 cert 'Canonical Ltd. Secure Boot Signing (2017): 242ade75ac4a15e50d50c84b0d45ff3eae707a03'
[    2.167613] Loaded X.509 cert 'Canonical Ltd. Secure Boot Signing (ESM 2018): 365188c1d374d6b07c3c8f240f8ef722433d6a8b'
[    2.179665] Loaded X.509 cert 'Canonical Ltd. Secure Boot Signing (2019): c0746fd6c5da3ae827864651ad66ae47fe24b3e8'
[    2.192029] Loaded X.509 cert 'Canonical Ltd. Secure Boot Signing (2021 v1): a8d54bbb3825cfb94fa13c9f8a594a195c107b8d'
[    2.204777] Loaded X.509 cert 'Canonical Ltd. Secure Boot Signing (2021 v2): 4cf046892d6fd3c9a5b03f98d845f90851dc6a8c'
[    2.216808] Loaded X.509 cert 'Canonical Ltd. Secure Boot Signing (2021 v3): 100437bb6de6e469b581e61cd66bce3ef4ed53af'
[    2.228726] Loaded X.509 cert 'Canonical Ltd. Secure Boot Signing (Ubuntu Core 2019): c1d57b8f6b743f23ee41f4f7ee292f06eecadfb9'
[    2.241731] zswap: loaded using pool lzo/zbud
[    2.261755] Key type big_key registered
[    2.267485] Key type trusted registered
[    2.277952] Key type encrypted registered
[    2.283097] AppArmor: AppArmor sha1 policy hashing enabled
[    2.289341] ima: No TPM chip found, activating TPM-bypass! (rc=-19)
[    2.296934] ima: Allocated hash algorithm: sha1
[    2.303310] evm: HMAC attrs: 0x1
[    2.309016]   Magic number: 4:732:104
[    2.314581] rtc_cmos rtc_cmos: setting system clock to 2024-04-21 01:06:32 UTC (1713661592)
[    2.324785] BIOS EDD facility v0.16 2004-Jun-25, 0 devices found
[    2.332486] EDD information not available.
[    2.342590] Freeing unused kernel image memory: 2480K
[    2.368418] Write protecting the kernel read-only data: 20480k
[    2.376483] Freeing unused kernel image memory: 2008K
[    2.382983] Freeing unused kernel image memory: 1820K
[    2.395336] x86/mm: Checked W+X mappings: passed, no W+X pages found.
[    2.402714] x86/mm: Checking user space page tables
[    2.413982] x86/mm: Checked W+X mappings: passed, no W+X pages found.
Loading, please wait...
starting version 237
[    2.566400] e1000: Intel(R) PRO/1000 Network Driver - version 7.3.21-k8-NAPI
[    2.575564] e1000: Copyright (c) 1999-2006 Intel Corporation.
[    2.585907] Fusion MPT base driver 3.04.20
[    2.591995] Copyright (c) 1999-2008 LSI Corporation
[    2.626500] SSE version of gcm_enc/dec engaged.
[    2.650899] Fusion MPT SPI Host driver 3.04.20
[    2.847323] input: ImExPS/2 Generic Explorer Mouse as /devices/platform/i8042/serio1/input/input4
[    3.415991] e1000 0000:00:03.0 eth0: (PCI:33MHz:32-bit) 02:3b:7b:b7:3b:2d
[    3.425857] e1000 0000:00:03.0 eth0: Intel(R) PRO/1000 Network Connection
[    3.435837] mptbase: ioc0: Initiating bringup
[    3.554658] ioc0: LSI53C1030 A0: Capabilities={Initiator}
[    3.822104] scsi host2: ioc0: LSI53C1030 A0, FwRev=00000000h, Ports=1, MaxQ=256, IRQ=20
[    4.002138] scsi 2:0:0:0: Direct-Access     VBOX     HARDDISK         1.0  PQ: 0 ANSI: 5
[    4.040763] scsi target2:0:0: Beginning Domain Validation
[    4.116211] scsi target2:0:0: Domain Validation skipping write tests
[    4.124334] scsi target2:0:0: Ending Domain Validation
[    4.131038] scsi target2:0:0: asynchronous
[    4.138207] scsi 2:0:1:0: Direct-Access     VBOX     HARDDISK         1.0  PQ: 0 ANSI: 5
[    4.416218] scsi target2:0:1: Beginning Domain Validation
[    4.434386] scsi target2:0:1: Domain Validation skipping write tests
[    4.442629] scsi target2:0:1: Ending Domain Validation
[    4.452338] scsi target2:0:1: asynchronous
[    4.474185] sd 2:0:0:0: Attached scsi generic sg0 type 0
[    4.481679] sd 2:0:1:0: Attached scsi generic sg1 type 0
[    4.493483] sd 2:0:0:0: [sda] 83886080 512-byte logical blocks: (42.9 GB/40.0 GiB)
[    4.503258] sd 2:0:1:0: [sdb] 20480 512-byte logical blocks: (10.5 MB/10.0 MiB)
[    4.512987] sd 2:0:0:0: [sda] Write Protect is off
[    4.519049] sd 2:0:1:0: [sdb] Write Protect is off
[    4.526015] sd 2:0:0:0: [sda] Incomplete mode parameter data
[    4.532888] sd 2:0:0:0: [sda] Assuming drive cache: write through
[    4.540989] sd 2:0:1:0: [sdb] Incomplete mode parameter data
[    4.549354] sd 2:0:1:0: [sdb] Assuming drive cache: write through
[    4.562677]  sda: sda1
[    4.571547] sd 2:0:0:0: [sda] Attached SCSI disk
[    4.581571] sd 2:0:1:0: [sdb] Attached SCSI disk
[    4.799797] e1000 0000:00:08.0 eth1: (PCI:33MHz:32-bit) 08:00:27:c5:44:d0
[    4.808171] e1000 0000:00:08.0 eth1: Intel(R) PRO/1000 Network Connection
[    4.818375] e1000 0000:00:08.0 enp0s8: renamed from eth1
[    6.269985] e1000 0000:00:03.0 enp0s3: renamed from eth0
Begin: Loading essential drivers ... [    9.266394] raid6: sse2x1   gen() 197084 MB/s
[   11.269364] raid6: sse2x1   xor() 184255 MB/s
[   13.264832] raid6: sse2x2   gen() 311728 MB/s
[   15.265519] raid6: sse2x2   xor() 210934 MB/s
[   15.333713] raid6: sse2x4   gen() 17585 MB/s
[   15.394292] raid6: sse2x4   xor() 10980 MB/s
[   15.400601] raid6: using algorithm sse2x2 gen() 311728 MB/s
[   15.407950] raid6: .... xor() 210934 MB/s, rmw enabled
[   15.414849] raid6: using ssse3x2 recovery algorithm
[   15.424881] xor: measuring software checksum speed
[   15.527652]    prefetch64-sse: 44362.000 MB/sec
[   15.631017]    generic_sse: 39353.000 MB/sec
[   15.637855] xor: using function: prefetch64-sse (44362.000 MB/sec)
[   15.649215] async_tx: api initialized (async)
done.
Begin: Running /scripts/init-premount ... done.
Begin: Mounting root file system ... Begin: Running /scripts/local-top ... done.
Begin: Running /scripts/local-premount ... [   15.734226] Btrfs loaded, crc32c=crc32c-intel
Scanning for Btrfs filesystems
done.
Begin: Will now check root file system ... fsck from util-linux 2.31.1
[/sbin/fsck.ext4 (1) -- /dev/sda1] fsck.ext4 -a -C0 /dev/sda1 
cloudimg-rootfs: clean, 168930/5120000 files, 2078989/10485499 blocks
done.
[   15.835608] EXT4-fs (sda1): mounted filesystem with ordered data mode. Opts: (null)
done.
Begin: Running /scripts/local-bottom ... done.
Begin: Running /scripts/init-bottom ... done.
[   16.204787] ip_tables: (C) 2000-2006 Netfilter Core Team
[   16.232721] systemd[1]: systemd 237 running in system mode. (+PAM +AUDIT +SELINUX +IMA +APPARMOR +SMACK +SYSVINIT +UTMP +LIBCRYPTSETUP +GCRYPT +GNUTLS +ACL +XZ +LZ4 +SECCOMP +BLKID +ELFUTILS +KMOD -IDN2 +IDN -PCRE2 default-hierarchy=hybrid)
[   16.255568] systemd[1]: Detected virtualization oracle.
[   16.264332] systemd[1]: Detected architecture x86-64.

Welcome to [1mUbuntu 18.04.6 LTS[0m!

[   16.319000] systemd[1]: Set hostname to <jenkins>.
[   16.792295] systemd[1]: Set up automount Arbitrary Executable File Formats File System Automount Point.
[[0;32m  OK  [0m] Set up automount Arbitrary Executabâ€¦rmats File System Automount Point.
[   16.806554] systemd[1]: Started Forward Password Requests to Wall Directory Watch.
[[0;32m  OK  [0m] Started Forward Password Requests to Wall Directory Watch.
[   16.819636] systemd[1]: Reached target System Time Synchronized.
[[0;32m  OK  [0m] Reached target System Time Synchronized.
[   16.830121] systemd[1]: Reached target Mounting snaps.
[[0;32m  OK  [0m] Reached target Mounting snaps.
[   16.852387] systemd[1]: Created slice System Slice.
[[0;32m  OK  [0m] Created slice System Slice.
[   16.862813] systemd[1]: Listening on udev Control Socket.
[[0;32m  OK  [0m] Listening on udev Control Socket.
[[0;32m  OK  [0m] Listening on Journal Socket (/dev/log).
[[0;32m  OK  [0m] Listening on /dev/initctl Compatibility Named Pipe.
[[0;32m  OK  [0m] Listening on Network Service Netlink Socket.
[[0;32m  OK  [0m] Listening on LVM2 metadata daemon socket.
[[0;32m  OK  [0m] Listening on fsck to fsckd communication Socket.
[[0;32m  OK  [0m] Listening on LVM2 poll daemon socket.
[[0;32m  OK  [0m] Listening on Device-mapper event daemon FIFOs.
[[0;32m  OK  [0m] Reached target User and Group Name Lookups.
[[0;32m  OK  [0m] Created slice User and Session Slice.
[[0;32m  OK  [0m] Reached target Slices.
[[0;32m  OK  [0m] Listening on Journal Socket.
         Starting Monitoring of LVM2 mirrorsâ€¦ng dmeventd or progress polling...
         Mounting Huge Pages File System...
         Mounting POSIX Message Queue File System...
         Starting Set the console keyboard layout...
         Mounting Kernel Debug File System...
[[0;32m  OK  [0m] Listening on udev Kernel Socket.
         Starting udev Coldplug all Devices...
[[0;32m  OK  [0m] Listening on Syslog Socket.
[[0;32m  OK  [0m] Reached target Mounted snaps.
         Starting Create list of required stâ€¦ce nodes for the current kernel...
[[0;32m  OK  [0m] Reached target Swap.
[[0;32m  OK  [0m] Created slice system-serial\x2dgetty.slice.
         Starting Load Kernel Modules...
[[0;32m  OK  [0m] Listening on Journal Audit Socket.
         Starting Journal Service...
         Starting Uncomplicated firewall...
         Starting Remount Root and Kernel File Systems...
[[0;32m  OK  [0m[   17.037597] Loading iSCSI transport class v2.0-870.
] Mounted Huge Pages File System.
[[0;32m  OK  [0m] Mounted POSIX Message Queue File System.
[[0;32m  OK  [0m[   17.057519] EXT4-fs (sda1): re-mounted. Opts: (null)
] Mounted Kernel Debug File System.
[[0;32m  OK  [0m] Started Create list of required staâ€¦vice nodes for the current kernel.
[[0;32m  OK  [0m] Started Uncomplicated firewall.
[[0;32m  OK  [0m] Started Remount Root and Kernel File Systems.
[   17.100036] iscsi: registered transport (tcp)
[[0;32m  OK  [0m] Started LVM2 metadata daemon.
         Starting Load/Save Random Seed...
         Starting Create Static Device Nodes in /dev...
[[0;32m  OK  [0m] Started Journal Service.
[[0;32m  OK  [0m] Started udev Coldplug all Devices.
[[0;32m  OK  [0m] Started Load/Save Random Seed.
         Starting Flush Journal to Persistent Storage...
[   17.191989] iscsi: registered transport (iser)
[[0;32m  OK  [0m] Started Load Kernel Modules.
         Mounting FUSE Control File System...
         Starting Apply Kernel Variables...
         Mounting Kernel Configuration File System...
[[0;32m  OK  [0m] Mounted Kernel Configuration File System.
[[0;32m  OK  [0m] Mounted FUSE Control File System.
[[0;32m  OK  [0m] Started Monitoring of LVM2 mirrors,â€¦sing dmeventd or progress polling.
[   17.258463] systemd-journald[415]: Received request to flush runtime journal from PID 1
[[0;32m  OK  [0m] Started Set the console keyboard layout.
[[0;32m  OK  [0m] Started Create Static Device Nodes in /dev.
[[0;32m  OK  [0m] Started Apply Kernel Variables.
         Starting udev Kernel Device Manager...
[[0;32m  OK  [0m] Reached target Local File Systems (Pre).
[[0;32m  OK  [0m] Reached target Local File Systems.
         Starting AppArmor initialization...
         Starting Tell Plymouth To Write Out Runtime Data...
         Starting ebtables ruleset management...
         Starting Set console font and keymap...
[[0;32m  OK  [0m] Started udev Kernel Device Manager.
[[0;32m  OK  [0m] Started Dispatch Password Requests to Console Directory Watch.
[[0;32m  OK  [0m] Reached target Local Encrypted Volumes.
[[0;32m  OK  [0m] Started Tell Plymouth To Write Out Runtime Data.
[[0;32m  OK  [0m] Started Set console font and keymap.
[[0;32m  OK  [0m] Started Flush Journal to Persistent Storage.
         Starting Create Volatile Files and Directories...
[[0;32m  OK  [0m] Started Create Volatile Files and Directories.
         Starting Update UTMP about System Boot/Shutdown...
[[0;32m  OK  [0m] Started ebtables ruleset management.
[[0;32m  OK  [0m] Started Update UTMP about System Boot/Shutdown.
[[0;32m  OK  [0m] Found device /dev/ttyS0.
[[0;32m  OK  [0m] Started AppArmor initialization.
         Starting Load AppArmor profiles managed internally by snapd...
         Starting Initial cloud-init job (pre-networking)...
[[0;32m  OK  [0m] Listening on Load/Save RF Kill Switch Status /dev/rfkill Watch.
         Mounting Arbitrary Executable File Formats File System...
[[0;32m  OK  [0m] Mounted Arbitrary Executable File Formats File System.
[[0;32m  OK  [0m] Started Load AppArmor profiles managed internally by snapd.
[   20.203587] cloud-init[563]: Cloud-init v. 23.1.2-0ubuntu0~18.04.1 running 'init-local' at Sun, 21 Apr 2024 01:06:50 +0000. Up 19.96 seconds.
[[0;32m  OK  [0m] Started Initial cloud-init job (pre-networking).
[[0;32m  OK  [0m] Reached target Network (Pre).
         Starting Network Service...
[[0;32m  OK  [0m] Started Network Service.
         Starting Wait for Network to be Configured...
         Starting Network Name Resolution...
[[0;32m  OK  [0m] Started Network Name Resolution.
[[0;32m  OK  [0m] Reached target Host and Network Name Lookups.
[[0;32m  OK  [0m] Reached target Network.
[[0;32m  OK  [0m] Started Wait for Network to be Configured.
         Starting Initial cloud-init job (metadata service crawler)...
[   22.997302] cloud-init[692]: Cloud-init v. 23.1.2-0ubuntu0~18.04.1 running 'init' at Sun, 21 Apr 2024 01:06:53 +0000. Up 22.83 seconds.
[   23.003264] cloud-init[692]: ci-info: ++++++++++++++++++++++++++++++++++++++Net device info+++++++++++++++++++++++++++++++++++++++
[   23.007982] cloud-init[692]: ci-info: +--------+------+-----------------------------+---------------+--------+-------------------+
[   23.013307] cloud-init[692]: ci-info: | Device |  Up  |           Address           |      Mask     | Scope  |     Hw-Address    |
[   23.018198] cloud-init[692]: ci-info: +--------+------+-----------------------------+---------------+--------+-------------------+
[   23.026105] cloud-init[692]: ci-info: | enp0s3 | True |          10.0.2.15          | 255.255.255.0 | global | 02:3b:7b:b7:3b:2d |
[   23.030620] cloud-init[692]: ci-info: | enp0s3 | True |  fe80::3b:7bff:feb7:3b2d/64 |       .       |  link  | 02:3b:7b:b7:3b:2d |
[   23.035528] cloud-init[692]: ci-info: | enp0s8 | True |         192.168.0.18        | 255.255.255.0 | global | 08:00:27:c5:44:d0 |
[   23.040829] cloud-init[692]: ci-info: | enp0s8 | True | fe80::a00:27ff:fec5:44d0/64 |       .       |  link  | 08:00:27:c5:44:d0 |
[   23.045449] cloud-init[692]: ci-info: |   lo   | True |          127.0.0.1          |   255.0.0.0   |  host  |         .         |
[   23.050264] cloud-init[692]: ci-info: |   lo   | True |           ::1/128           |       .       |  host  |         .         |
[   23.055270] cloud-init[692]: ci-info: +--------+------+-----------------------------+---------------+--------+-------------------+
[   23.060732] cloud-init[692]: ci-info: ++++++++++++++++++++++++++++++Route IPv4 info++++++++++++++++++++++++++++++
[   23.065279] cloud-init[692]: ci-info: +-------+-------------+-------------+-----------------+-----------+-------+
[   23.069694] cloud-init[692]: ci-info: | Route | Destination |   Gateway   |     Genmask     | Interface | Flags |
[   23.074253] cloud-init[692]: ci-info: +-------+-------------+-------------+-----------------+-----------+-------+
[   23.080676] cloud-init[692]: ci-info: |   0   |   0.0.0.0   |   10.0.2.2  |     0.0.0.0     |   enp0s3  |   UG  |
[   23.086683] cloud-init[692]: ci-info: |   1   |   0.0.0.0   | 192.168.0.1 |     0.0.0.0     |   enp0s8  |   UG  |
[   23.092463] cloud-init[692]: ci-info: |   2   |   10.0.2.0  |   0.0.0.0   |  255.255.255.0  |   enp0s3  |   U   |
[   23.098110] cloud-init[692]: ci-info: |   3   |   10.0.2.2  |   0.0.0.0   | 255.255.255.255 |   enp0s3  |   UH  |
[   23.104290] cloud-init[692]: ci-info: |   4   | 192.168.0.0 |   0.0.0.0   |  255.255.255.0  |   enp0s8  |   U   |
[   23.109801] cloud-init[692]: ci-info: |   5   | 192.168.0.1 |   0.0.0.0   | 255.255.255.255 |   enp0s8  |   UH  |
[   23.114495] cloud-init[692]: ci-info: +-------+-------------+-------------+-----------------+-----------+-------+
[   23.119034] cloud-init[692]: ci-info: +++++++++++++++++++Route IPv6 info+++++++++++++++++++
[   23.123389] cloud-init[692]: ci-info: +-------+-------------+---------+-----------+-------+
[   23.127428] cloud-init[692]: ci-info: | Route | Destination | Gateway | Interface | Flags |
[   23.131523] cloud-init[692]: ci-info: +-------+-------------+---------+-----------+-------+
[   23.134818] cloud-init[692]: ci-info: |   1   |  fe80::/64  |    ::   |   enp0s8  |   U   |
[   23.138021] cloud-init[692]: ci-info: |   2   |  fe80::/64  |    ::   |   enp0s3  |   U   |
[   23.141752] cloud-init[692]: ci-info: |   4   |    local    |    ::   |   enp0s3  |   U   |
[   23.146200] cloud-init[692]: ci-info: |   5   |    local    |    ::   |   enp0s8  |   U   |
[   23.149891] cloud-init[692]: ci-info: |   6   |   ff00::/8  |    ::   |   enp0s8  |   U   |
[   23.153409] cloud-init[692]: ci-info: |   7   |   ff00::/8  |    ::   |   enp0s3  |   U   |
[   23.156802] cloud-init[692]: ci-info: +-------+-------------+---------+-----------+-------+
[[0;32m  OK  [0m] Started Initial cloud-init job (metadata service crawler).
[[0;32m  OK  [0m] Reached target System Initialization.
[[0;32m  OK  [0m] Listening on cloud-init hotplug hook socket.
         Starting Socket activation for snappy daemon.
[[0;32m  OK  [0m] Started Daily apt download activities.
[[0;32m  OK  [0m] Started Discard unused blocks once a week.
[[0;32m  OK  [0m] Listening on UUID daemon activation socket.
[[0;32m  OK  [0m] Started Daily apt upgrade and clean activities.
[[0;32m  OK  [0m] Started Message of the Day.
[[0;32m  OK  [0m] Started ACPI Events Check.
[[0;32m  OK  [0m] Started Daily Cleanup of Temporary Directories.
[[0;32m  OK  [0m] Reached target Timers.
[[0;32m  OK  [0m] Listening on ACPID Listen Socket.
         Starting LXD - unix socket.
[[0;32m  OK  [0m] Listening on D-Bus System Message Bus Socket.
[[0;32m  OK  [0m] Reached target Paths.
[[0;32m  OK  [0m] Listening on Open-iSCSI iscsid Socket.
         Starting Docker Socket for the API.
[[0;32m  OK  [0m] Reached target Cloud-config availability.
[[0;32m  OK  [0m] Reached target Network is Online.
[[0;32m  OK  [0m] Reached target Remote File Systems (Pre).
         Mounting /vagrant...
         Starting Availability of block devices...
[[0;32m  OK  [0m] Listening on Socket activation for snappy daemon.
[[0;32m  OK  [0m] Listening on LXD - unix socket.
[[0;32m  OK  [0m] Listening on Docker Socket for the API.
[[0;32m  OK  [0m] Reached target Sockets.
[[0;32m  OK  [0m] Reached target Basic System.
[[0;32m  OK  [0m] Reached target Login Prompts (Pre).
[[0;32m  OK  [0m] Started Regular background program processing daemon.
         Starting Dispatcher daemon for systemd-networkd...
         Starting Jenkins Continuous Integration Server...
         Starting containerd container runtime...
[[0;32m  OK  [0m] Started FUSE filesystem for LXC.
         Starting OpenBSD Secure Shell server...
         Starting LXD - container startup/shutdown...
[[0;32m  OK  [0m] Started Deferred execution scheduler.
         Starting Snap Daemon...
         Starting System Logging Service...
[[0;32m  OK  [0m] Started D-Bus System Message Bus.
         Starting Virtualbox guest utils...
[[0;32m  OK  [0m] Started irqbalance daemon.
         Starting Accounts Service...
         Starting Login Service...
         Starting Ubuntu FAN network setup...
         Starting LSB: Record successful boot for GRUB...
[[0;32m  OK  [0m] Started System Logging Service.
[[0;32m  OK  [0m] Mounted /vagrant.
[[0;32m  OK  [0m] Started Availability of block devices.
[[0;32m  OK  [0m] Started Dispatcher daemon for systemd-networkd.
[[0;32m  OK  [0m] Reached target Remote File Systems.
         Starting LSB: automatic crash report generation...
         Starting Permit User Sessions...
[[0;32m  OK  [0m] Started OpenBSD Secure Shell server.
[[0;32m  OK  [0m] Started Permit User Sessions.
         Starting Terminate Plymouth Boot Screen...
         Starting Hold until boot process finishes up...
[[0;32m  OK  [0m] Started Hold until boot process finishes up.
[[0;32m  OK  [0m] Started Serial Getty on ttyS0.
         Starting Set console scheme...
[[0;32m  OK  [0m] Started Terminate Plymouth Boot Screen.
[[0;32m  OK  [0m] Started LXD - container startup/shutdown.
[[0;32m  OK  [0m] Started Login Service.
[[0;32m  OK  [0m] Started Unattended Upgrades Shutdown.
[[0;32m  OK  [0m] Started Set console scheme.
[[0;32m  OK  [0m] Created slice system-getty.slice.
[[0;32m  OK  [0m] Started Getty on tty1.
[[0;32m  OK  [0m] Reached target Login Prompts.
         Starting Authorization Manager...
[[0;32m  OK  [0m] Started LSB: Record successful boot for GRUB.
[[0;32m  OK  [0m] Started LSB: automatic crash report generation.
[[0;32m  OK  [0m] Started Virtualbox guest utils.
[[0;32m  OK  [0m] Started Authorization Manager.
[[0;32m  OK  [0m] Started Accounts Service.
[[0;32m  OK  [0m] Created slice User Slice of vagrant.
         Starting User Manager for UID 1000...
[[0;32m  OK  [0m] Started Session 1 of user vagrant.
[[0;32m  OK  [0m] Started Ubuntu FAN network setup.
[[0;32m  OK  [0m] Started User Manager for UID 1000.
[[0;32m  OK  [0m] Started Snap Daemon.
         Starting Wait until snapd is fully seeded...
         Starting Time & Date Service...
[[0;32m  OK  [0m] Started containerd container runtime.
         Starting Docker Application Container Engine...
[[0;32m  OK  [0m] Started Time & Date Service.
[[0;32m  OK  [0m] Started Wait until snapd is fully seeded.
         Starting Apply the settings specified in cloud-config...
[   28.131733] cloud-init[1456]: Cloud-init v. 23.1.2-0ubuntu0~18.04.1 running 'modules:config' at Sun, 21 Apr 2024 01:06:58 +0000. Up 27.94 seconds.
[[0;32m  OK  [0m] Started Apply the settings specified in cloud-config.

Ubuntu 18.04.6 LTS jenkins ttyS0

jenkins login: [   48.853058] cloud-init[2423]: Cloud-init v. 23.1.2-0ubuntu0~18.04.1 running 'modules:final' at Sun, 21 Apr 2024 01:07:18 +0000. Up 48.70 seconds.
[   48.853235] cloud-init[2423]: Cloud-init v. 23.1.2-0ubuntu0~18.04.1 finished at Sun, 21 Apr 2024 01:07:19 +0000. Datasource DataSourceNoCloud [seed=/dev/sdb][dsmode=net].  Up 48.84 seconds
